C51 COMPILER V9.60.0.0   TIME                                                              05/23/2023 18:47:43 PAGE 1   


C51 COMPILER V9.60.0.0, COMPILATION OF MODULE TIME
OBJECT MODULE PLACED IN .\Objects\Time.obj
COMPILER INVOKED BY: D:\Keil\C51\BIN\C51.EXE User\src\Time.c OPTIMIZE(8,SPEED) BROWSE INCDIR(.\User\inc;.\STC8Ax_LIB\cor
                    -e;.\STC8Ax_LIB\inc) DEBUG OBJECTEXTEND PRINT(.\Listings\Time.lst) OBJECT(.\Objects\Time.obj)

line level    source

   1          /*-------------------------------------------------------------------
   2          /*      (C) Copyright 2023, PSYM. All Rights Reserved 
   3          /*-------------------------------------------------------------------
   4          /* File name   : Time.c
   5          /* Description : 
   6          /* Author      : PSYM
   7          /*-------------------------------------------------------------------
   8          /* Update note:
   9          /* -----------   -----------   --------------------------------------
  10          /*    Date         Author                       Note
  11          /* -----------   -----------   --------------------------------------
  12          /* 2023-05-23,     psym
  13          /*   17:02
  14          **/
  15          
  16          /* 包含头文件 -------------------------------------------------------*/
  17          #include "Time.h"
  18          
  19          /* 私有类型定义 -----------------------------------------------------*/
  20          /* None. */
  21          
  22          /* 私有宏定义 -------------------------------------------------------*/
  23          /* None. */
  24          
  25          /* 私有变量 ---------------------------------------------------------*/
  26          /* None. */
  27          
  28          /* 扩展变量 ---------------------------------------------------------*/
  29          /* None. */
  30          
  31          /* 私有函数原形 -----------------------------------------------------*/
  32          /* None. */
  33          
  34          /* 函数体 -----------------------------------------------------------*/
  35          /*
  36           * 功能: 
  37           * 参数: None
  38           * 返回: None
  39           * 说明: None
  40           */
  41          void Time0_Config()
  42          {
  43   1          // @24MHZ 1ms 12T时钟模式
  44   1          TMOD &= 0xF0; // 清零T0的控制位
  45   1          TMOD |= 0x01; // 设置T0为模式1
  46   1          // 设置为1ms
  47   1          TH0 = (65536 - 2000) / 256;
  48   1          TL0 = (65536 - 2000) % 256;
  49   1          TF0 = 0; // 清除TF0标志
  50   1          ET0 = 1;
  51   1          TR0 = 1; // 定时器0开始计时
  52   1      }
  53          
  54          void Time0_ISR() interrupt 1
C51 COMPILER V9.60.0.0   TIME                                                              05/23/2023 18:47:43 PAGE 2   

  55          {
  56   1          TF0 = 0;
  57   1          TR0 = 0; // 关闭中断
  58   1      
  59   1          TH0 = (65536 - 2000) / 256;
  60   1          TL0 = (65536 - 2000) % 256;
  61   1          TR0 = 1;
  62   1      }
  63          /*>>>>>>>>>> (C) COPYRIGHT PSYM <<<<<< >>>>>> END OF FILE <<<<<<<<<<*/


MODULE INFORMATION:   STATIC OVERLAYABLE
   CODE SIZE        =     32    ----
   CONSTANT SIZE    =   ----    ----
   XDATA SIZE       =   ----    ----
   PDATA SIZE       =   ----    ----
   DATA SIZE        =   ----    ----
   IDATA SIZE       =   ----    ----
   BIT SIZE         =   ----    ----
END OF MODULE INFORMATION.


C51 COMPILATION COMPLETE.  0 WARNING(S),  0 ERROR(S)
